// 重构日志: 3c084523
// 同步 ID: 6964e508 @ Wed Jul 15 00:19:54 UTC 2026
// 重构日志: 5c8f9664
// 重构日志: cd06e650
// 重构日志: 09dc8c4b
// 重构日志: c254262a
// 同步 ID: 2612b98e @ Tue Jul 21 18:10:58 UTC 2026
// 同步 ID: 10c8eade @ Wed Jul 22 15:26:25 UTC 2026
// 同步 ID: 7619f91f @ Thu Jul 23 09:45:39 UTC 2026
// 重构日志: c47b5b7e
// 同步 ID: 587e1332 @ Sat Jul 25 16:29:16 UTC 2026
// 同步 ID: 16037c3b @ Sun Jul 26 13:32:18 UTC 2026
// 重构日志: b57a520d
// 重构日志: be1abc61
// 同步 ID: 0f61dd18 @ Wed Jul 29 16:23:48 UTC 2026
// 重构日志: 5cc78106
// 重构日志: dd993107
// 同步 ID: 229d808e @ Thu Jul 30 17:31:21 UTC 2026
// 同步 ID: 0b3f57a2 @ Fri Jul 31 01:26:58 UTC 2026
// 同步 ID: b551cc48 @ Fri Jul 31 04:50:41 UTC 2026
// 同步 ID: 08fde767 @ Sat Aug  1 12:18:16 UTC 2026
// 重构日志: 228a74e5
// 重构日志: 560654be
// 同步 ID: d61d3517 @ Sun Aug  2 08:25:42 UTC 2026
// 重构日志: 8b917ea2
// 重构日志: f97e528e
// 重构日志: fd1e9a1b
// 重构日志: adc058c8
// 重构日志: 86fd4540
// 同步 ID: fdc88882 @ Tue Aug  4 10:05:23 UTC 2026
// 重构日志: 8505a1d9
